
A module that was compiled using NumPy 1.x cannot be run in
NumPy 2.4.6 as it may crash. To support both 1.x and 2.x
versions of NumPy, modules must be compiled with NumPy 2.0.
Some module may need to rebuild instead e.g. with 'pybind11>=2.12'.

If you are a user of the module, the easiest solution will be to
downgrade to 'numpy<2' or try to upgrade the affected module.
We expect that some modules will need time to support NumPy 2.

Traceback (most recent call last):  File "C:\Users\ÁõÏéÏé\codebuddy\20260527123600\app.py", line 192, in <module>
    import pytesseract
  File "C:\anaconda3\Lib\site-packages\pytesseract\__init__.py", line 2, in <module>
    from .pytesseract import ALTONotSupported
  File "C:\anaconda3\Lib\site-packages\pytesseract\pytesseract.py", line 42, in <module>
    import pandas as pd
  File "C:\anaconda3\Lib\site-packages\pandas\__init__.py", line 38, in <module>
    from pandas.compat import (
  File "C:\anaconda3\Lib\site-packages\pandas\compat\__init__.py", line 29, in <module>
    from pandas.compat.pyarrow import (
  File "C:\anaconda3\Lib\site-packages\pandas\compat\pyarrow.py", line 8, in <module>
    import pyarrow as pa
  File "C:\anaconda3\Lib\site-packages\pyarrow\__init__.py", line 65, in <module>
    import pyarrow.lib as _lib
AttributeError: _ARRAY_API not found

A module that was compiled using NumPy 1.x cannot be run in
NumPy 2.4.6 as it may crash. To support both 1.x and 2.x
versions of NumPy, modules must be compiled with NumPy 2.0.
Some module may need to rebuild instead e.g. with 'pybind11>=2.12'.

If you are a user of the module, the easiest solution will be to
downgrade to 'numpy<2' or try to upgrade the affected module.
We expect that some modules will need time to support NumPy 2.

Traceback (most recent call last):  File "C:\Users\ÁõÏéÏé\codebuddy\20260527123600\app.py", line 192, in <module>
    import pytesseract
  File "C:\anaconda3\Lib\site-packages\pytesseract\__init__.py", line 2, in <module>
    from .pytesseract import ALTONotSupported
  File "C:\anaconda3\Lib\site-packages\pytesseract\pytesseract.py", line 42, in <module>
    import pandas as pd
  File "C:\anaconda3\Lib\site-packages\pandas\__init__.py", line 61, in <module>
    from pandas.core.api import (
  File "C:\anaconda3\Lib\site-packages\pandas\core\api.py", line 9, in <module>
    from pandas.core.dtypes.dtypes import (
  File "C:\anaconda3\Lib\site-packages\pandas\core\dtypes\dtypes.py", line 24, in <module>
    from pandas._libs import (
  File "C:\anaconda3\Lib\site-packages\pyarrow\__init__.py", line 65, in <module>
    import pyarrow.lib as _lib
AttributeError: _ARRAY_API not found

A module that was compiled using NumPy 1.x cannot be run in
NumPy 2.4.6 as it may crash. To support both 1.x and 2.x
versions of NumPy, modules must be compiled with NumPy 2.0.
Some module may need to rebuild instead e.g. with 'pybind11>=2.12'.

If you are a user of the module, the easiest solution will be to
downgrade to 'numpy<2' or try to upgrade the affected module.
We expect that some modules will need time to support NumPy 2.

Traceback (most recent call last):  File "C:\Users\ÁõÏéÏé\codebuddy\20260527123600\app.py", line 192, in <module>
    import pytesseract
  File "C:\anaconda3\Lib\site-packages\pytesseract\__init__.py", line 2, in <module>
    from .pytesseract import ALTONotSupported
  File "C:\anaconda3\Lib\site-packages\pytesseract\pytesseract.py", line 42, in <module>
    import pandas as pd
  File "C:\anaconda3\Lib\site-packages\pandas\__init__.py", line 61, in <module>
    from pandas.core.api import (
  File "C:\anaconda3\Lib\site-packages\pandas\core\api.py", line 28, in <module>
    from pandas.core.arrays import Categorical
  File "C:\anaconda3\Lib\site-packages\pandas\core\arrays\__init__.py", line 1, in <module>
    from pandas.core.arrays.arrow import ArrowExtensionArray
  File "C:\anaconda3\Lib\site-packages\pandas\core\arrays\arrow\__init__.py", line 5, in <module>
    from pandas.core.arrays.arrow.array import ArrowExtensionArray
  File "C:\anaconda3\Lib\site-packages\pandas\core\arrays\arrow\array.py", line 53, in <module>
    from pandas.core import (
  File "C:\anaconda3\Lib\site-packages\pandas\core\ops\__init__.py", line 8, in <module>
    from pandas.core.ops.array_ops import (
  File "C:\anaconda3\Lib\site-packages\pandas\core\ops\array_ops.py", line 56, in <module>
    from pandas.core.computation import expressions
  File "C:\anaconda3\Lib\site-packages\pandas\core\computation\expressions.py", line 21, in <module>
    from pandas.core.computation.check import NUMEXPR_INSTALLED
  File "C:\anaconda3\Lib\site-packages\pandas\core\computation\check.py", line 5, in <module>
    ne = import_optional_dependency("numexpr", errors="warn")
  File "C:\anaconda3\Lib\site-packages\pandas\compat\_optional.py", line 135, in import_optional_dependency
    module = importlib.import_module(name)
  File "C:\anaconda3\Lib\importlib\__init__.py", line 126, in import_module
    return _bootstrap._gcd_import(name[level:], package, level)
  File "C:\anaconda3\Lib\site-packages\numexpr\__init__.py", line 24, in <module>
    from numexpr.interpreter import MAX_THREADS, use_vml, __BLOCK_SIZE1__
AttributeError: _ARRAY_API not found

A module that was compiled using NumPy 1.x cannot be run in
NumPy 2.4.6 as it may crash. To support both 1.x and 2.x
versions of NumPy, modules must be compiled with NumPy 2.0.
Some module may need to rebuild instead e.g. with 'pybind11>=2.12'.

If you are a user of the module, the easiest solution will be to
downgrade to 'numpy<2' or try to upgrade the affected module.
We expect that some modules will need time to support NumPy 2.

Traceback (most recent call last):  File "C:\Users\ÁõÏéÏé\codebuddy\20260527123600\app.py", line 192, in <module>
    import pytesseract
  File "C:\anaconda3\Lib\site-packages\pytesseract\__init__.py", line 2, in <module>
    from .pytesseract import ALTONotSupported
  File "C:\anaconda3\Lib\site-packages\pytesseract\pytesseract.py", line 42, in <module>
    import pandas as pd
  File "C:\anaconda3\Lib\site-packages\pandas\__init__.py", line 61, in <module>
    from pandas.core.api import (
  File "C:\anaconda3\Lib\site-packages\pandas\core\api.py", line 28, in <module>
    from pandas.core.arrays import Categorical
  File "C:\anaconda3\Lib\site-packages\pandas\core\arrays\__init__.py", line 1, in <module>
    from pandas.core.arrays.arrow import ArrowExtensionArray
  File "C:\anaconda3\Lib\site-packages\pandas\core\arrays\arrow\__init__.py", line 5, in <module>
    from pandas.core.arrays.arrow.array import ArrowExtensionArray
  File "C:\anaconda3\Lib\site-packages\pandas\core\arrays\arrow\array.py", line 67, in <module>
    from pandas.core.arrays.masked import BaseMaskedArray
  File "C:\anaconda3\Lib\site-packages\pandas\core\arrays\masked.py", line 61, in <module>
    from pandas.core import (
  File "C:\anaconda3\Lib\site-packages\pandas\core\nanops.py", line 52, in <module>
    bn = import_optional_dependency("bottleneck", errors="warn")
  File "C:\anaconda3\Lib\site-packages\pandas\compat\_optional.py", line 135, in import_optional_dependency
    module = importlib.import_module(name)
  File "C:\anaconda3\Lib\importlib\__init__.py", line 126, in import_module
    return _bootstrap._gcd_import(name[level:], package, level)
  File "C:\anaconda3\Lib\site-packages\bottleneck\__init__.py", line 7, in <module>
    from .move import (move_argmax, move_argmin, move_max, move_mean, move_median,
AttributeError: _ARRAY_API not found
WARNING: This is a development server. Do not use it in a production deployment. Use a production WSGI server instead.
 * Running on all addresses (0.0.0.0)
 * Running on http://127.0.0.1:5000
 * Running on http://10.214.66.50:5000
Press CTRL+C to quit
